2026-09-24 22:12:30,430 [INFO] Activator:176 - 


2026-09-24 22:12:30,431 [INFO] Activator:177 - !SESSION log4j initialized
2026-09-24 22:12:32,464 [INFO] LogOutputStream:77 - [STDOUT_REDIRECT] 
2026-09-24 22:12:44,238 [INFO] ApplicationProperties:184 - Using Application install path: /opt/st/stm32cubeide_1.19.0/plugins/com.st.stm32cube.common.mx_6.15.0.202507011659
2026-09-24 22:12:44,252 [INFO] DbMcusXml:78 - Set database path to: /opt/st/stm32cubeide_1.19.0/plugins/com.st.stm32cube.common.mx_6.15.0.202507011659//db//mcu/
2026-09-24 22:12:44,252 [INFO] ApiDb:274 - Set plugin database path to: /opt/st/stm32cubeide_1.19.0/plugins/com.st.stm32cube.common.mx_6.15.0.202507011659//db//plugins/boardmanager/
2026-09-24 22:12:44,252 [WARN] ApiDb:259 - Overriding images path with different value:  => /opt/st/stm32cubeide_1.19.0/plugins/com.st.stm32cube.common.mx_6.15.0.202507011659//db//plugins/mcufinder/images/
2026-09-24 22:12:44,255 [INFO] ApiDb:250 - Set database path to: /home/anonymus/.stmcufinder/plugins/mcufinder//mcu/
2026-09-24 22:12:44,256 [INFO] DbMcusAds:125 - Set database path to: /home/anonymus/.stmcufinder/plugins/mcufinder//mcu/
2026-09-24 22:12:44,257 [INFO] CrossReferenceDbSqlite:203 - Set database path to: /home/anonymus/.stmcufinder/plugins/mcufinder//mcu/cs/
2026-09-24 22:12:44,358 [INFO] RulesReader:64 - Compatibility file has been processed (317 Rules)
2026-09-24 22:12:44,403 [INFO] DbMcusXml:78 - Set database path to: /opt/st/stm32cubeide_1.19.0/plugins/com.st.stm32cube.common.mx_6.15.0.202507011659//db//mcu/
2026-09-24 22:12:44,403 [INFO] ApiDb:274 - Set plugin database path to: /opt/st/stm32cubeide_1.19.0/plugins/com.st.stm32cube.common.mx_6.15.0.202507011659//db//plugins/boardmanager/
2026-09-24 22:12:44,403 [INFO] ApiDb:261 - Set plugin images path to: /opt/st/stm32cubeide_1.19.0/plugins/com.st.stm32cube.common.mx_6.15.0.202507011659//db//plugins/mcufinder/images/
2026-09-24 22:12:44,403 [WARN] DbFile:41 - Overriding database path with different value: /home/anonymus/.stmcufinder/plugins/mcufinder/ => /home/anonymus/.stmcufinder/plugins/mcufinder
2026-09-24 22:12:44,404 [INFO] ApiDb:250 - Set database path to: /home/anonymus/.stmcufinder/plugins/mcufinder//mcu/
2026-09-24 22:12:44,404 [WARN] DbFile:41 - Overriding database path with different value: /home/anonymus/.stmcufinder/plugins/mcufinder/ => /home/anonymus/.stmcufinder/plugins/mcufinder
2026-09-24 22:12:44,404 [INFO] DbMcusAds:125 - Set database path to: /home/anonymus/.stmcufinder/plugins/mcufinder//mcu/
2026-09-24 22:12:44,404 [WARN] DbFile:41 - Overriding database path with different value: /home/anonymus/.stmcufinder/plugins/mcufinder/ => /home/anonymus/.stmcufinder/plugins/mcufinder
2026-09-24 22:12:44,404 [WARN] DbFile:41 - Overriding database path with different value: /home/anonymus/.stmcufinder/plugins/mcufinder/ => /home/anonymus/.stmcufinder/plugins/mcufinder
2026-09-24 22:12:44,404 [INFO] CrossReferenceDbSqlite:203 - Set database path to: /home/anonymus/.stmcufinder/plugins/mcufinder//mcu/cs/
2026-09-24 22:12:44,450 [INFO] MainPanel:274 - HeapMemory: 268435456
2026-09-24 22:12:44,545 [INFO] DbMcusXml:78 - Set database path to: /opt/st/stm32cubeide_1.19.0/plugins/com.st.stm32cube.common.mx_6.15.0.202507011659//db//mcu/
2026-09-24 22:12:44,545 [INFO] ApiDb:274 - Set plugin database path to: /opt/st/stm32cubeide_1.19.0/plugins/com.st.stm32cube.common.mx_6.15.0.202507011659//db//plugins/boardmanager/
2026-09-24 22:12:44,545 [INFO] ApiDb:261 - Set plugin images path to: /opt/st/stm32cubeide_1.19.0/plugins/com.st.stm32cube.common.mx_6.15.0.202507011659//db//plugins/mcufinder/images/
2026-09-24 22:12:44,546 [WARN] DbFile:41 - Overriding database path with different value: /home/anonymus/.stmcufinder/plugins/mcufinder/ => /home/anonymus/.stmcufinder/plugins/mcufinder
2026-09-24 22:12:44,546 [INFO] ApiDb:250 - Set database path to: /home/anonymus/.stmcufinder/plugins/mcufinder//mcu/
2026-09-24 22:12:44,546 [WARN] DbFile:41 - Overriding database path with different value: /home/anonymus/.stmcufinder/plugins/mcufinder/ => /home/anonymus/.stmcufinder/plugins/mcufinder
2026-09-24 22:12:44,546 [INFO] DbMcusAds:125 - Set database path to: /home/anonymus/.stmcufinder/plugins/mcufinder//mcu/
2026-09-24 22:12:44,546 [WARN] DbFile:41 - Overriding database path with different value: /home/anonymus/.stmcufinder/plugins/mcufinder/ => /home/anonymus/.stmcufinder/plugins/mcufinder
2026-09-24 22:12:44,546 [WARN] DbFile:41 - Overriding database path with different value: /home/anonymus/.stmcufinder/plugins/mcufinder/ => /home/anonymus/.stmcufinder/plugins/mcufinder
2026-09-24 22:12:44,546 [INFO] CrossReferenceDbSqlite:203 - Set database path to: /home/anonymus/.stmcufinder/plugins/mcufinder//mcu/cs/
2026-09-24 22:12:44,561 [INFO] ApplicationProperties:184 - Using Application install path: /opt/st/stm32cubeide_1.19.0/plugins/com.st.stm32cube.common.mx_6.15.0.202507011659
2026-09-24 22:12:44,562 [INFO] PluginManage:196 - Search for loadable plugins [exclusion list=, ]
2026-09-24 22:12:44,563 [INFO] PluginManage:310 - Check plugin analytics
2026-09-24 22:12:44,724 [INFO] AnalyticsPlugin:253 - Accepted Software Licenses: 
2026-09-24 22:12:44,724 [INFO] AnalyticsPlugin:255 - Accepted CMSIS Pack Licenses: 
2026-09-24 22:12:44,724 [INFO] AnalyticsPlugin:257 - Accepted Firmware Licenses: FW.F4.1.28.0
2026-09-24 22:12:44,727 [INFO] PluginManage:359 - Loaded plugin analytics (category:tool,tabindex:-1)
2026-09-24 22:12:44,727 [INFO] PluginManage:310 - Check plugin cadmodel
2026-09-24 22:12:44,731 [INFO] CADModel:105 - Init CAD model plugin
2026-09-24 22:12:44,731 [INFO] PluginManage:359 - Loaded plugin cadmodel (category:power,tabindex:5)
2026-09-24 22:12:44,731 [INFO] PluginManage:310 - Check plugin clock
2026-09-24 22:12:44,738 [INFO] PluginManage:359 - Loaded plugin clock (category:base,tabindex:2)
2026-09-24 22:12:44,738 [INFO] PluginManage:310 - Check plugin ddr
2026-09-24 22:12:44,740 [INFO] PluginManage:359 - Loaded plugin ddr (category:tool,tabindex:6)
2026-09-24 22:12:44,740 [INFO] PluginManage:310 - Check plugin filemanager
2026-09-24 22:12:44,869 [INFO] PluginManage:359 - Loaded plugin filemanager (category:base,tabindex:10)
2026-09-24 22:12:44,869 [INFO] PluginManage:310 - Check plugin ipmanager
2026-09-24 22:12:44,874 [INFO] PluginManage:359 - Loaded plugin ipmanager (category:base,tabindex:5)
2026-09-24 22:12:44,874 [INFO] PluginManage:310 - Check plugin lpbam
2026-09-24 22:12:44,881 [INFO] PluginManage:359 - Loaded plugin lpbam (category:base,tabindex:0)
2026-09-24 22:12:44,881 [INFO] PluginManage:310 - Check plugin memorymap
2026-09-24 22:12:44,910 [INFO] PluginManage:359 - Loaded plugin memorymap (category:base,tabindex:4)
2026-09-24 22:12:44,911 [INFO] PluginManage:310 - Check plugin pinoutandconfiguration
2026-09-24 22:12:44,920 [INFO] PluginManage:359 - Loaded plugin pinoutandconfiguration (category:base,tabindex:1)
2026-09-24 22:12:44,920 [INFO] PluginManage:310 - Check plugin pinoutconfig
2026-09-24 22:12:45,030 [WARN] SupportedApi:132 - Cannot load RTOS API schema: s4s-elt-must-match.1: The content of 'definitions' must match (annotation?, (simpleType | complexType)?, (unique | key | keyref)*)). A problem was found starting at: attribute.
2026-09-24 22:12:45,159 [INFO] PluginManage:359 - Loaded plugin pinoutconfig (category:base,tabindex:0)
2026-09-24 22:12:45,160 [INFO] PluginManage:310 - Check plugin power
2026-09-24 22:12:45,168 [INFO] PluginManage:359 - Loaded plugin power (category:power,tabindex:4)
2026-09-24 22:12:45,168 [INFO] PluginManage:310 - Check plugin projectmanager
2026-09-24 22:12:45,185 [INFO] PluginManage:359 - Loaded plugin projectmanager (category:projectmanager,tabindex:4)
2026-09-24 22:12:45,186 [INFO] PluginManage:310 - Check plugin rif
2026-09-24 22:12:45,192 [INFO] PluginManage:359 - Loaded plugin rif (category:base,tabindex:3)
2026-09-24 22:12:45,192 [INFO] PluginManage:310 - Check plugin thirdparty
2026-09-24 22:12:45,294 [INFO] PluginManage:359 - Loaded plugin thirdparty (category:base,tabindex:-1)
2026-09-24 22:12:45,294 [WARN] IntegrityCheckThread:84 - waiting for thirdparty lock release [integrity check]
2026-09-24 22:12:45,294 [INFO] PluginManage:310 - Check plugin tools
2026-09-24 22:12:45,294 [INFO] IntegrityCheckThread:86 - entering critical section [integrity check]
2026-09-24 22:12:45,295 [INFO] ThirdPartyUpdaterWithRetryManager:70 - Updater plugin not ready yet. [1/15]
2026-09-24 22:12:45,296 [INFO] PluginManage:359 - Loaded plugin tools (category:base,tabindex:7)
2026-09-24 22:12:45,296 [INFO] PluginManage:310 - Check plugin tutovideos
2026-09-24 22:12:45,459 [INFO] PluginManage:359 - Loaded plugin tutovideos (category:base,tabindex:-1)
2026-09-24 22:12:45,459 [INFO] PluginManage:310 - Check plugin updater
2026-09-24 22:12:45,484 [INFO] PluginManage:359 - Loaded plugin updater (category:base,tabindex:12)
2026-09-24 22:12:45,485 [INFO] PluginManage:310 - Check plugin userauth
2026-09-24 22:12:45,489 [INFO] UserAuth:118 - Init User Auth plugin
2026-09-24 22:12:45,492 [INFO] PluginManage:359 - Loaded plugin userauth (category:base,tabindex:14)
2026-09-24 22:12:45,493 [INFO] PluginManage:283 - PluginManage : Loaded plugins [18]
2026-09-24 22:12:45,705 [INFO] PinOutPanel:1589 - setPackage(No Configuration,No Configuration)
2026-09-24 22:12:45,765 [INFO] CADModel:165 - CPN selected for project level
2026-09-24 22:12:45,765 [INFO] CADModel:114 - Register for checkConnection events
2026-09-24 22:12:45,772 [INFO] IPUIPlugin:80 - create IPUIPlugin
2026-09-24 22:12:45,773 [INFO] PluginManager:220 - loadIPPluginJar : add gfxmmu
2026-09-24 22:12:45,774 [INFO] IPUIPlugin:80 - create IPUIPlugin
2026-09-24 22:12:45,774 [INFO] PluginManager:220 - loadIPPluginJar : add dfsdm
2026-09-24 22:12:45,775 [INFO] IPUIPlugin:80 - create IPUIPlugin
2026-09-24 22:12:45,776 [INFO] PluginManager:220 - loadIPPluginJar : add hash
2026-09-24 22:12:45,779 [INFO] IPUIPlugin:80 - create IPUIPlugin
2026-09-24 22:12:45,781 [INFO] PluginManager:220 - loadIPPluginJar : add plateformsettings
2026-09-24 22:12:45,783 [INFO] IPUIPlugin:80 - create IPUIPlugin
2026-09-24 22:12:45,784 [INFO] PluginManager:220 - loadIPPluginJar : add nvic
2026-09-24 22:12:45,785 [INFO] IPUIPlugin:80 - create IPUIPlugin
2026-09-24 22:12:45,785 [INFO] PluginManager:220 - loadIPPluginJar : add ddr_ctrl_phy
2026-09-24 22:12:45,786 [INFO] IPUIPlugin:80 - create IPUIPlugin
2026-09-24 22:12:45,786 [INFO] PluginManager:220 - loadIPPluginJar : add tracer_emb
2026-09-24 22:12:45,787 [INFO] IPUIPlugin:80 - create IPUIPlugin
2026-09-24 22:12:45,787 [INFO] PluginManager:220 - loadIPPluginJar : add ltdc
2026-09-24 22:12:45,792 [INFO] IPUIPlugin:80 - create IPUIPlugin
2026-09-24 22:12:45,792 [INFO] PluginManager:220 - loadIPPluginJar : add stm32_wpan
2026-09-24 22:12:45,794 [INFO] IPUIPlugin:80 - create IPUIPlugin
2026-09-24 22:12:45,794 [INFO] PluginManager:220 - loadIPPluginJar : add dma3
2026-09-24 22:12:45,798 [INFO] IPUIPlugin:80 - create IPUIPlugin
2026-09-24 22:12:45,798 [INFO] PluginManager:220 - loadIPPluginJar : add mdma
2026-09-24 22:12:45,800 [INFO] IPUIPlugin:80 - create IPUIPlugin
2026-09-24 22:12:45,800 [INFO] PluginManager:220 - loadIPPluginJar : add resmgrutility
2026-09-24 22:12:45,801 [INFO] IPUIPlugin:80 - create IPUIPlugin
2026-09-24 22:12:45,801 [INFO] PluginManager:220 - loadIPPluginJar : add spi
2026-09-24 22:12:45,802 [INFO] IPUIPlugin:80 - create IPUIPlugin
2026-09-24 22:12:45,803 [INFO] PluginManager:220 - loadIPPluginJar : add pdm2pcm
2026-09-24 22:12:45,803 [INFO] IPUIPlugin:80 - create IPUIPlugin
2026-09-24 22:12:45,804 [INFO] PluginManager:220 - loadIPPluginJar : add comp
2026-09-24 22:12:45,808 [INFO] IPUIPlugin:80 - create IPUIPlugin
2026-09-24 22:12:45,808 [INFO] PluginManager:220 - loadIPPluginJar : add linkedlist
2026-09-24 22:12:45,810 [INFO] IPUIPlugin:80 - create IPUIPlugin
2026-09-24 22:12:45,810 [INFO] PluginManager:220 - loadIPPluginJar : add i2s
2026-09-24 22:12:45,812 [INFO] IPUIPlugin:80 - create IPUIPlugin
2026-09-24 22:12:45,812 [INFO] PluginManager:220 - loadIPPluginJar : add radio
2026-09-24 22:12:45,814 [INFO] IPUIPlugin:80 - create IPUIPlugin
2026-09-24 22:12:45,814 [INFO] PluginManager:220 - loadIPPluginJar : add openamp
2026-09-24 22:12:45,816 [INFO] IPUIPlugin:80 - create IPUIPlugin
2026-09-24 22:12:45,816 [INFO] PluginManager:220 - loadIPPluginJar : add opamp
2026-09-24 22:12:45,818 [INFO] IPUIPlugin:80 - create IPUIPlugin
2026-09-24 22:12:45,818 [INFO] PluginManager:220 - loadIPPluginJar : add i3c
2026-09-24 22:12:45,821 [INFO] IPUIPlugin:80 - create IPUIPlugin
2026-09-24 22:12:45,821 [INFO] PluginManager:220 - loadIPPluginJar : add sai
2026-09-24 22:12:45,822 [INFO] IPUIPlugin:80 - create IPUIPlugin
2026-09-24 22:12:45,822 [INFO] PluginManager:220 - loadIPPluginJar : add tim
2026-09-24 22:12:45,824 [INFO] IPUIPlugin:80 - create IPUIPlugin
2026-09-24 22:12:45,825 [INFO] PluginManager:220 - loadIPPluginJar : add touchsensing
2026-09-24 22:12:45,826 [INFO] IPUIPlugin:80 - create IPUIPlugin
2026-09-24 22:12:45,826 [INFO] PluginManager:220 - loadIPPluginJar : add tsc
2026-09-24 22:12:45,829 [INFO] IPUIPlugin:80 - create IPUIPlugin
2026-09-24 22:12:45,829 [INFO] PluginManager:220 - loadIPPluginJar : add fmc
2026-09-24 22:12:45,832 [INFO] IPUIPlugin:80 - create IPUIPlugin
2026-09-24 22:12:45,832 [INFO] PluginManager:220 - loadIPPluginJar : add gic
2026-09-24 22:12:45,833 [INFO] IPUIPlugin:80 - create IPUIPlugin
2026-09-24 22:12:45,833 [INFO] PluginManager:220 - loadIPPluginJar : add quadspi
2026-09-24 22:12:45,836 [INFO] IPUIPlugin:80 - create IPUIPlugin
2026-09-24 22:12:45,836 [INFO] PluginManager:220 - loadIPPluginJar : add ipddr
2026-09-24 22:12:45,837 [INFO] IPUIPlugin:80 - create IPUIPlugin
2026-09-24 22:12:45,837 [INFO] PluginManager:220 - loadIPPluginJar : add genericplugin
2026-09-24 22:12:45,839 [INFO] IPUIPlugin:80 - create IPUIPlugin
2026-09-24 22:12:45,839 [INFO] PluginManager:220 - loadIPPluginJar : add aes
2026-09-24 22:12:45,841 [INFO] IPUIPlugin:80 - create IPUIPlugin
2026-09-24 22:12:45,841 [INFO] PluginManager:220 - loadIPPluginJar : add lorawan
2026-09-24 22:12:45,843 [INFO] IPUIPlugin:80 - create IPUIPlugin
2026-09-24 22:12:45,843 [INFO] PluginManager:220 - loadIPPluginJar : add ucpd
2026-09-24 22:12:45,846 [INFO] IPUIPlugin:80 - create IPUIPlugin
2026-09-24 22:12:45,846 [INFO] PluginManager:220 - loadIPPluginJar : add gpio
2026-09-24 22:12:45,848 [INFO] IPUIPlugin:80 - create IPUIPlugin
2026-09-24 22:12:45,848 [INFO] PluginManager:220 - loadIPPluginJar : add can
2026-09-24 22:12:45,849 [INFO] IPUIPlugin:80 - create IPUIPlugin
2026-09-24 22:12:45,849 [INFO] PluginManager:220 - loadIPPluginJar : add ts
2026-09-24 22:12:45,850 [INFO] IPUIPlugin:80 - create IPUIPlugin
2026-09-24 22:12:45,850 [INFO] PluginManager:220 - loadIPPluginJar : add usbx
2026-09-24 22:12:45,854 [INFO] IPUIPlugin:80 - create IPUIPlugin
2026-09-24 22:12:45,854 [INFO] PluginManager:220 - loadIPPluginJar : add adc
2026-09-24 22:12:45,855 [INFO] IPUIPlugin:80 - create IPUIPlugin
2026-09-24 22:12:45,856 [INFO] PluginManager:220 - loadIPPluginJar : add extmemmanager
2026-09-24 22:12:45,857 [INFO] IPUIPlugin:80 - create IPUIPlugin
2026-09-24 22:12:45,857 [INFO] PluginManager:220 - loadIPPluginJar : add gtzc
2026-09-24 22:12:45,858 [INFO] IPUIPlugin:80 - create IPUIPlugin
2026-09-24 22:12:45,859 [INFO] PluginManager:220 - loadIPPluginJar : add cryp
2026-09-24 22:12:45,862 [INFO] IPUIPlugin:80 - create IPUIPlugin
2026-09-24 22:12:45,862 [INFO] PluginManager:220 - loadIPPluginJar : add freertos
2026-09-24 22:12:45,863 [INFO] IPUIPlugin:80 - create IPUIPlugin
2026-09-24 22:12:45,863 [INFO] PluginManager:220 - loadIPPluginJar : add i2c
2026-09-24 22:12:45,867 [INFO] IPUIPlugin:80 - create IPUIPlugin
2026-09-24 22:12:45,867 [INFO] PluginManager:220 - loadIPPluginJar : add dma
2026-09-24 22:12:45,869 [INFO] IPUIPlugin:80 - create IPUIPlugin
2026-09-24 22:12:45,869 [INFO] PluginManager:220 - loadIPPluginJar : add usart
2026-09-24 22:12:45,870 [INFO] IPUIPlugin:80 - create IPUIPlugin
2026-09-24 22:12:45,870 [INFO] PluginManager:220 - loadIPPluginJar : add fatfs
2026-09-24 22:12:45,970 [FATAL] Updater:351 - Updater called before beeing initialized
2026-09-24 22:12:46,025 [INFO] RulesReader:64 - Compatibility file has been processed (317 Rules)
2026-09-24 22:12:46,052 [INFO] RulesReader:64 - Compatibility file has been processed (317 Rules)
2026-09-24 22:12:46,063 [INFO] CADModel:165 - CPN selected for project level
2026-09-24 22:12:46,063 [INFO] CADModel:114 - Register for checkConnection events
2026-09-24 22:12:46,063 [FATAL] Updater:351 - Updater called before beeing initialized
2026-09-24 22:12:46,063 [ERROR] CADModel:125 - Updater not yet initialized, retry later 
2026-09-24 22:12:46,174 [FATAL] Updater:351 - Updater called before beeing initialized
2026-09-24 22:12:46,176 [INFO] CADModel:165 - CPN selected for project level
2026-09-24 22:12:46,176 [INFO] CADModel:114 - Register for checkConnection events
2026-09-24 22:12:46,176 [FATAL] Updater:351 - Updater called before beeing initialized
2026-09-24 22:12:46,176 [ERROR] CADModel:125 - Updater not yet initialized, retry later 
2026-09-24 22:12:46,178 [FATAL] Updater:351 - Updater called before beeing initialized
2026-09-24 22:12:46,262 [FATAL] Updater:351 - Updater called before beeing initialized
2026-09-24 22:12:46,266 [INFO] DbMcusAds:53 - JSON generation date=Wed Jul 15 06:44:54 ART 2026 (1784108694001)
2026-09-24 22:12:46,266 [FATAL] Updater:351 - Updater called before beeing initialized
2026-09-24 22:12:46,295 [WARN] DetailPanel:346 - Failed to get advertising image, set to default
2026-09-24 22:12:46,368 [FATAL] Updater:351 - Updater called before beeing initialized
2026-09-24 22:12:46,370 [FATAL] Updater:351 - Updater called before beeing initialized
2026-09-24 22:12:46,370 [FATAL] Updater:351 - Updater called before beeing initialized
2026-09-24 22:12:46,370 [WARN] DetailPanel:346 - Failed to get advertising image, set to default
2026-09-24 22:12:46,371 [FATAL] Updater:351 - Updater called before beeing initialized
2026-09-24 22:12:46,399 [ERROR] Updater:1198 - MainUpdater not yet initialized. External WinMGr cannot be set.
2026-09-24 22:12:46,400 [INFO] Updater:1134 - Updater Version found : 6.15.0
2026-09-24 22:12:46,413 [INFO] ApplicationProperties:184 - Using Application install path: /opt/st/stm32cubeide_1.19.0/plugins/com.st.stm32cube.common.mx_6.15.0.202507011659
2026-09-24 22:12:46,742 [INFO] MainUpdater:2872 - connection check result : 10
2026-09-24 22:12:46,743 [INFO] MainUpdater:289 - Updater Check For Update Now.
2026-09-24 22:12:46,743 [INFO] MicroXplorer:498 - Change Database Version : DB.6.0.150
2026-09-24 22:12:46,749 [INFO] McuFinderGlobals:63 - Set McuFinder mode to 2 (CubeIDE integrated)
2026-09-24 22:12:46,750 [INFO] UserAuth:487 - Internet connection configuration mode: 1
2026-09-24 22:12:46,766 [INFO] JxBrowserEngine:152 - Initiate JxBrowser Engine with user profile folder
2026-09-24 22:12:46,962 [INFO] CheckServerUpdateThread:120 - End of CheckServer Thread
2026-09-24 22:12:47,421 [INFO] WebApp:169 - Instantiating new browser for Auth
2026-09-24 22:12:48,231 [INFO] WebApp:463 - Apply proxy settings
2026-09-24 22:12:48,231 [INFO] WebApp:548 - Chromium requires no authentication
2026-09-24 22:12:48,241 [INFO] WebApp:491 - Direct internet connection detected
2026-09-24 22:12:48,271 [INFO] WebApp:900 - Register for checkConnection events
2026-09-24 22:12:48,272 [INFO] WebApp:463 - Apply proxy settings
2026-09-24 22:12:48,272 [INFO] WebApp:548 - Chromium requires no authentication
2026-09-24 22:12:48,273 [INFO] WebApp:491 - Direct internet connection detected
2026-09-24 22:12:48,438 [WARN] PackLoader:240 - Cannot read IP mode file for STMicroelectronics.FP-SNS-SMARTAG2.1.2.0
2026-09-24 22:12:48,446 [WARN] PackLoader:240 - Cannot read IP mode file for STMicroelectronics.FP-SNS-FLIGHT1.5.1.0
2026-09-24 22:12:48,457 [WARN] PackLoader:240 - Cannot read IP mode file for STMicroelectronics.X-CUBE-BLE2.3.3.0
2026-09-24 22:12:48,465 [WARN] PackLoader:240 - Cannot read IP mode file for STMicroelectronics.X-CUBE-BLE1.7.1.0
2026-09-24 22:12:48,471 [WARN] PackLoader:240 - Cannot read IP mode file for STMicroelectronics.FP-ATR-SIGFOX1.3.2.0
2026-09-24 22:12:48,479 [WARN] PackLoader:240 - Cannot read IP mode file for STMicroelectronics.X-CUBE-ALS.1.0.2
2026-09-24 22:12:48,481 [INFO] ThirdParty:978 - Integrity check success = true
2026-09-24 22:12:48,482 [INFO] IntegrityCheckThread:100 - exiting critical section [integrity check]
2026-09-24 22:12:48,482 [INFO] IntegrityCheckThread:103 - End integrity checks thread
2026-09-24 22:12:48,486 [INFO] WebApp:225 - Starting web application
2026-09-24 22:12:48,486 [INFO] WebApp:593 - Web application path used /opt/st/stm32cubeide_1.19.0/plugins/com.st.stm32cube.common.mx_6.15.0.202507011659/db/plugins/mcufinder/reactClient1/index.html
2026-09-24 22:12:48,618 [INFO] WebApp:191 - Connection restablished
2026-09-24 22:12:48,619 [INFO] UserAuth:487 - Internet connection configuration mode: 1
2026-09-24 22:13:14,244 [ERROR] AdobePublisher:162 - Exception while opening the connection: java.net.SocketTimeoutException: Read timed out
2026-09-24 22:13:16,246 [ERROR] AdobePublisher:162 - Exception while opening the connection: java.net.SocketTimeoutException: Connect timed out
2026-09-24 22:13:22,167 [ERROR] LogOutputStream:75 - [STDERR_REDIRECT] 
